Archive member included to satisfy reference by file (symbol)

../libopencm3/lib/libopencm3_stm32f4.a(gpio_common_all.o)
                              bin/led.o (gpio_set)
../libopencm3/lib/libopencm3_stm32f4.a(gpio_common_f0234.o)
                              bin/led.o (gpio_mode_setup)
../libopencm3/lib/libopencm3_stm32f4.a(rcc_common_all.o)
                              bin/led.o (rcc_periph_clock_enable)
../libopencm3/lib/libopencm3_stm32f4.a(rcc.o)
                              bin/main.o (rcc_clock_setup_pll)
../libopencm3/lib/libopencm3_stm32f4.a(vector.o)
                              (reset_handler)
../libopencm3/lib/libopencm3_stm32f4.a(systick.o)
                              bin/delay.o (systick_set_reload)
../libopencm3/lib/libopencm3_stm32f4.a(flash_common_all.o)
                              ../libopencm3/lib/libopencm3_stm32f4.a(rcc.o) (flash_set_ws)
../libopencm3/lib/libopencm3_stm32f4.a(flash_common_idcache.o)
                              ../libopencm3/lib/libopencm3_stm32f4.a(rcc.o) (flash_dcache_enable)
../libopencm3/lib/libopencm3_stm32f4.a(pwr.o)
                              ../libopencm3/lib/libopencm3_stm32f4.a(rcc.o) (pwr_set_vos_scale)

Discarded input sections

 .group         0x0000000000000000        0xc bin/main.o
 .group         0x0000000000000000        0xc bin/main.o
 .group         0x0000000000000000        0xc bin/main.o
 .group         0x0000000000000000        0xc bin/main.o
 .group         0x0000000000000000        0xc bin/main.o
 .group         0x0000000000000000        0xc bin/main.o
 .group         0x0000000000000000        0xc bin/main.o
 .group         0x0000000000000000        0xc bin/main.o
 .group         0x0000000000000000        0xc bin/main.o
 .group         0x0000000000000000        0xc bin/main.o
 .group         0x0000000000000000        0xc bin/main.o
 .group         0x0000000000000000        0xc bin/main.o
 .group         0x0000000000000000        0xc bin/main.o
 .group         0x0000000000000000        0xc bin/main.o
 .group         0x0000000000000000        0xc bin/main.o
 .text          0x0000000000000000        0x0 bin/main.o
 .data          0x0000000000000000        0x0 bin/main.o
 .bss           0x0000000000000000        0x0 bin/main.o
 .group         0x0000000000000000        0xc bin/api.o
 .text          0x0000000000000000        0x0 bin/api.o
 .data          0x0000000000000000        0x0 bin/api.o
 .bss           0x0000000000000000        0x0 bin/api.o
 .text.my_func  0x0000000000000000        0x6 bin/api.o
 .debug_info    0x0000000000000000       0x5e bin/api.o
 .debug_abbrev  0x0000000000000000       0x54 bin/api.o
 .debug_loc     0x0000000000000000       0x25 bin/api.o
 .debug_aranges
                0x0000000000000000       0x20 bin/api.o
 .debug_ranges  0x0000000000000000       0x10 bin/api.o
 .debug_macro   0x0000000000000000       0x15 bin/api.o
 .debug_macro   0x0000000000000000      0xa78 bin/api.o
 .debug_line    0x0000000000000000       0x4d bin/api.o
 .debug_str     0x0000000000000000     0x2cd1 bin/api.o
 .comment       0x0000000000000000       0x4e bin/api.o
 .debug_frame   0x0000000000000000       0x20 bin/api.o
 .ARM.attributes
                0x0000000000000000       0x34 bin/api.o
 .group         0x0000000000000000        0xc bin/led.o
 .group         0x0000000000000000        0xc bin/led.o
 .group         0x0000000000000000        0xc bin/led.o
 .group         0x0000000000000000        0xc bin/led.o
 .group         0x0000000000000000        0xc bin/led.o
 .group         0x0000000000000000        0xc bin/led.o
 .group         0x0000000000000000        0xc bin/led.o
 .group         0x0000000000000000        0xc bin/led.o
 .group         0x0000000000000000        0xc bin/led.o
 .group         0x0000000000000000        0xc bin/led.o
 .group         0x0000000000000000        0xc bin/led.o
 .group         0x0000000000000000        0xc bin/led.o
 .group         0x0000000000000000        0xc bin/led.o
 .group         0x0000000000000000        0xc bin/led.o
 .group         0x0000000000000000        0xc bin/led.o
 .group         0x0000000000000000        0xc bin/led.o
 .group         0x0000000000000000        0xc bin/led.o
 .group         0x0000000000000000        0xc bin/led.o
 .text          0x0000000000000000        0x0 bin/led.o
 .data          0x0000000000000000        0x0 bin/led.o
 .bss           0x0000000000000000        0x0 bin/led.o
 .text.led_toggle
                0x0000000000000000        0xa bin/led.o
 .text.led_on   0x0000000000000000       0x20 bin/led.o
 .text.led_off  0x0000000000000000       0x20 bin/led.o
 .bss.clken     0x0000000000000000        0x6 bin/led.o
 .debug_macro   0x0000000000000000      0xa78 bin/led.o
 .debug_macro   0x0000000000000000       0x1c bin/led.o
 .debug_macro   0x0000000000000000       0x56 bin/led.o
 .debug_macro   0x0000000000000000       0x51 bin/led.o
 .debug_macro   0x0000000000000000      0x103 bin/led.o
 .debug_macro   0x0000000000000000       0x6a bin/led.o
 .debug_macro   0x0000000000000000      0x1df bin/led.o
 .debug_macro   0x0000000000000000       0x22 bin/led.o
 .debug_macro   0x0000000000000000       0xe8 bin/led.o
 .debug_macro   0x0000000000000000       0x76 bin/led.o
 .debug_macro   0x0000000000000000      0x273 bin/led.o
 .debug_macro   0x0000000000000000       0x8e bin/led.o
 .debug_macro   0x0000000000000000       0x28 bin/led.o
 .debug_macro   0x0000000000000000      0xc89 bin/led.o
 .group         0x0000000000000000        0xc bin/delay.o
 .group         0x0000000000000000        0xc bin/delay.o
 .group         0x0000000000000000        0xc bin/delay.o
 .group         0x0000000000000000        0xc bin/delay.o
 .group         0x0000000000000000        0xc bin/delay.o
 .group         0x0000000000000000        0xc bin/delay.o
 .group         0x0000000000000000        0xc bin/delay.o
 .group         0x0000000000000000        0xc bin/delay.o
 .group         0x0000000000000000        0xc bin/delay.o
 .group         0x0000000000000000        0xc bin/delay.o
 .group         0x0000000000000000        0xc bin/delay.o
 .group         0x0000000000000000        0xc bin/delay.o
 .group         0x0000000000000000        0xc bin/delay.o
 .group         0x0000000000000000        0xc bin/delay.o
 .text          0x0000000000000000        0x0 bin/delay.o
 .data          0x0000000000000000        0x0 bin/delay.o
 .bss           0x0000000000000000        0x0 bin/delay.o
 .text.delay_now
                0x0000000000000000        0xc bin/delay.o
 .debug_macro   0x0000000000000000      0xa78 bin/delay.o
 .debug_macro   0x0000000000000000       0x1c bin/delay.o
 .debug_macro   0x0000000000000000       0x22 bin/delay.o
 .debug_macro   0x0000000000000000       0x56 bin/delay.o
 .debug_macro   0x0000000000000000       0x51 bin/delay.o
 .debug_macro   0x0000000000000000      0x103 bin/delay.o
 .debug_macro   0x0000000000000000       0x6a bin/delay.o
 .debug_macro   0x0000000000000000      0x1df bin/delay.o
 .debug_macro   0x0000000000000000       0x22 bin/delay.o
 .debug_macro   0x0000000000000000       0xe8 bin/delay.o
 .debug_macro   0x0000000000000000       0x76 bin/delay.o
 .text          0x0000000000000000        0x4 bin/api-asm.o
 .data          0x0000000000000000        0x0 bin/api-asm.o
 .bss           0x0000000000000000        0x0 bin/api-asm.o
 .debug_line    0x0000000000000000       0x41 bin/api-asm.o
 .debug_info    0x0000000000000000       0x26 bin/api-asm.o
 .debug_abbrev  0x0000000000000000       0x14 bin/api-asm.o
 .debug_aranges
                0x0000000000000000       0x20 bin/api-asm.o
 .debug_str     0x0000000000000000       0x53 bin/api-asm.o
 .ARM.attributes
                0x0000000000000000       0x20 bin/api-asm.o
 .group         0x0000000000000000        0xc ../libopencm3/lib/libopencm3_stm32f4.a(gpio_common_all.o)
 .group         0x0000000000000000        0xc ../libopencm3/lib/libopencm3_stm32f4.a(gpio_common_all.o)
 .group         0x0000000000000000        0xc ../libopencm3/lib/libopencm3_stm32f4.a(gpio_common_all.o)
 .group         0x0000000000000000        0xc ../libopencm3/lib/libopencm3_stm32f4.a(gpio_common_all.o)
 .group         0x0000000000000000        0xc ../libopencm3/lib/libopencm3_stm32f4.a(gpio_common_all.o)
 .group         0x0000000000000000        0xc ../libopencm3/lib/libopencm3_stm32f4.a(gpio_common_all.o)
 .group         0x0000000000000000        0xc ../libopencm3/lib/libopencm3_stm32f4.a(gpio_common_all.o)
 .group         0x0000000000000000        0xc ../libopencm3/lib/libopencm3_stm32f4.a(gpio_common_all.o)
 .group         0x0000000000000000        0xc ../libopencm3/lib/libopencm3_stm32f4.a(gpio_common_all.o)
 .group         0x0000000000000000        0xc ../libopencm3/lib/libopencm3_stm32f4.a(gpio_common_all.o)
 .group         0x0000000000000000        0xc ../libopencm3/lib/libopencm3_stm32f4.a(gpio_common_all.o)
 .group         0x0000000000000000        0xc ../libopencm3/lib/libopencm3_stm32f4.a(gpio_common_all.o)
 .group         0x0000000000000000        0xc ../libopencm3/lib/libopencm3_stm32f4.a(gpio_common_all.o)
 .group         0x0000000000000000        0xc ../libopencm3/lib/libopencm3_stm32f4.a(gpio_common_all.o)
 .group         0x0000000000000000        0xc ../libopencm3/lib/libopencm3_stm32f4.a(gpio_common_all.o)
 .text          0x0000000000000000        0x0 ../libopencm3/lib/libopencm3_stm32f4.a(gpio_common_all.o)
 .data          0x0000000000000000        0x0 ../libopencm3/lib/libopencm3_stm32f4.a(gpio_common_all.o)
 .bss           0x0000000000000000        0x0 ../libopencm3/lib/libopencm3_stm32f4.a(gpio_common_all.o)
 .text.gpio_get
                0x0000000000000000        0x6 ../libopencm3/lib/libopencm3_stm32f4.a(gpio_common_all.o)
 .text.gpio_port_read
                0x0000000000000000        0x6 ../libopencm3/lib/libopencm3_stm32f4.a(gpio_common_all.o)
 .text.gpio_port_write
                0x0000000000000000        0x4 ../libopencm3/lib/libopencm3_stm32f4.a(gpio_common_all.o)
 .text.gpio_port_config_lock
                0x0000000000000000       0x10 ../libopencm3/lib/libopencm3_stm32f4.a(gpio_common_all.o)
 .debug_macro   0x0000000000000000       0x1c ../libopencm3/lib/libopencm3_stm32f4.a(gpio_common_all.o)
 .debug_macro   0x0000000000000000       0x22 ../libopencm3/lib/libopencm3_stm32f4.a(gpio_common_all.o)
 .debug_macro   0x0000000000000000       0x56 ../libopencm3/lib/libopencm3_stm32f4.a(gpio_common_all.o)
 .debug_macro   0x0000000000000000       0x51 ../libopencm3/lib/libopencm3_stm32f4.a(gpio_common_all.o)
 .debug_macro   0x0000000000000000      0x103 ../libopencm3/lib/libopencm3_stm32f4.a(gpio_common_all.o)
 .debug_macro   0x0000000000000000       0x6a ../libopencm3/lib/libopencm3_stm32f4.a(gpio_common_all.o)
 .debug_macro   0x0000000000000000      0x1df ../libopencm3/lib/libopencm3_stm32f4.a(gpio_common_all.o)
 .debug_macro   0x0000000000000000       0x22 ../libopencm3/lib/libopencm3_stm32f4.a(gpio_common_all.o)
 .debug_macro   0x0000000000000000       0xe8 ../libopencm3/lib/libopencm3_stm32f4.a(gpio_common_all.o)
 .debug_macro   0x0000000000000000       0x76 ../libopencm3/lib/libopencm3_stm32f4.a(gpio_common_all.o)
 .debug_macro   0x0000000000000000      0x273 ../libopencm3/lib/libopencm3_stm32f4.a(gpio_common_all.o)
 .debug_macro   0x0000000000000000       0x76 ../libopencm3/lib/libopencm3_stm32f4.a(gpio_common_all.o)
 .debug_macro   0x0000000000000000      0x2e6 ../libopencm3/lib/libopencm3_stm32f4.a(gpio_common_all.o)
 .debug_macro   0x0000000000000000      0x14e ../libopencm3/lib/libopencm3_stm32f4.a(gpio_common_all.o)
 .group         0x0000000000000000        0xc ../libopencm3/lib/libopencm3_stm32f4.a(gpio_common_f0234.o)
 .group         0x0000000000000000        0xc ../libopencm3/lib/libopencm3_stm32f4.a(gpio_common_f0234.o)
 .group         0x0000000000000000        0xc ../libopencm3/lib/libopencm3_stm32f4.a(gpio_common_f0234.o)
 .group         0x0000000000000000        0xc ../libopencm3/lib/libopencm3_stm32f4.a(gpio_common_f0234.o)
 .group         0x0000000000000000        0xc ../libopencm3/lib/libopencm3_stm32f4.a(gpio_common_f0234.o)
 .group         0x0000000000000000        0xc ../libopencm3/lib/libopencm3_stm32f4.a(gpio_common_f0234.o)
 .group         0x0000000000000000        0xc ../libopencm3/lib/libopencm3_stm32f4.a(gpio_common_f0234.o)
 .group         0x0000000000000000        0xc ../libopencm3/lib/libopencm3_stm32f4.a(gpio_common_f0234.o)
 .group         0x0000000000000000        0xc ../libopencm3/lib/libopencm3_stm32f4.a(gpio_common_f0234.o)
 .group         0x0000000000000000        0xc ../libopencm3/lib/libopencm3_stm32f4.a(gpio_common_f0234.o)
 .group         0x0000000000000000        0xc ../libopencm3/lib/libopencm3_stm32f4.a(gpio_common_f0234.o)
 .group         0x0000000000000000        0xc ../libopencm3/lib/libopencm3_stm32f4.a(gpio_common_f0234.o)
 .group         0x0000000000000000        0xc ../libopencm3/lib/libopencm3_stm32f4.a(gpio_common_f0234.o)
 .group         0x0000000000000000        0xc ../libopencm3/lib/libopencm3_stm32f4.a(gpio_common_f0234.o)
 .group         0x0000000000000000        0xc ../libopencm3/lib/libopencm3_stm32f4.a(gpio_common_f0234.o)
 .text          0x0000000000000000        0x0 ../libopencm3/lib/libopencm3_stm32f4.a(gpio_common_f0234.o)
 .data          0x0000000000000000        0x0 ../libopencm3/lib/libopencm3_stm32f4.a(gpio_common_f0234.o)
 .bss           0x0000000000000000        0x0 ../libopencm3/lib/libopencm3_stm32f4.a(gpio_common_f0234.o)
 .text.gpio_set_output_options
                0x0000000000000000       0x36 ../libopencm3/lib/libopencm3_stm32f4.a(gpio_common_f0234.o)
 .text.gpio_set_af
                0x0000000000000000       0x58 ../libopencm3/lib/libopencm3_stm32f4.a(gpio_common_f0234.o)
 .debug_macro   0x0000000000000000      0xa6c ../libopencm3/lib/libopencm3_stm32f4.a(gpio_common_f0234.o)
 .debug_macro   0x0000000000000000       0x1c ../libopencm3/lib/libopencm3_stm32f4.a(gpio_common_f0234.o)
 .debug_macro   0x0000000000000000       0x22 ../libopencm3/lib/libopencm3_stm32f4.a(gpio_common_f0234.o)
 .debug_macro   0x0000000000000000       0x56 ../libopencm3/lib/libopencm3_stm32f4.a(gpio_common_f0234.o)
 .debug_macro   0x0000000000000000       0x51 ../libopencm3/lib/libopencm3_stm32f4.a(gpio_common_f0234.o)
 .debug_macro   0x0000000000000000      0x103 ../libopencm3/lib/libopencm3_stm32f4.a(gpio_common_f0234.o)
 .debug_macro   0x0000000000000000       0x6a ../libopencm3/lib/libopencm3_stm32f4.a(gpio_common_f0234.o)
 .debug_macro   0x0000000000000000      0x1df ../libopencm3/lib/libopencm3_stm32f4.a(gpio_common_f0234.o)
 .debug_macro   0x0000000000000000       0x22 ../libopencm3/lib/libopencm3_stm32f4.a(gpio_common_f0234.o)
 .debug_macro   0x0000000000000000       0xe8 ../libopencm3/lib/libopencm3_stm32f4.a(gpio_common_f0234.o)
 .debug_macro   0x0000000000000000       0x76 ../libopencm3/lib/libopencm3_stm32f4.a(gpio_common_f0234.o)
 .debug_macro   0x0000000000000000      0x273 ../libopencm3/lib/libopencm3_stm32f4.a(gpio_common_f0234.o)
 .debug_macro   0x0000000000000000       0x76 ../libopencm3/lib/libopencm3_stm32f4.a(gpio_common_f0234.o)
 .debug_macro   0x0000000000000000      0x2e6 ../libopencm3/lib/libopencm3_stm32f4.a(gpio_common_f0234.o)
 .debug_macro   0x0000000000000000      0x14e ../libopencm3/lib/libopencm3_stm32f4.a(gpio_common_f0234.o)
 .group         0x0000000000000000        0xc ../libopencm3/lib/libopencm3_stm32f4.a(rcc_common_all.o)
 .group         0x0000000000000000        0xc ../libopencm3/lib/libopencm3_stm32f4.a(rcc_common_all.o)
 .group         0x0000000000000000        0xc ../libopencm3/lib/libopencm3_stm32f4.a(rcc_common_all.o)
 .group         0x0000000000000000        0xc ../libopencm3/lib/libopencm3_stm32f4.a(rcc_common_all.o)
 .group         0x0000000000000000        0xc ../libopencm3/lib/libopencm3_stm32f4.a(rcc_common_all.o)
 .group         0x0000000000000000        0xc ../libopencm3/lib/libopencm3_stm32f4.a(rcc_common_all.o)
 .group         0x0000000000000000        0xc ../libopencm3/lib/libopencm3_stm32f4.a(rcc_common_all.o)
 .group         0x0000000000000000        0xc ../libopencm3/lib/libopencm3_stm32f4.a(rcc_common_all.o)
 .group         0x0000000000000000        0xc ../libopencm3/lib/libopencm3_stm32f4.a(rcc_common_all.o)
 .group         0x0000000000000000        0xc ../libopencm3/lib/libopencm3_stm32f4.a(rcc_common_all.o)
 .group         0x0000000000000000        0xc ../libopencm3/lib/libopencm3_stm32f4.a(rcc_common_all.o)
 .group         0x0000000000000000        0xc ../libopencm3/lib/libopencm3_stm32f4.a(rcc_common_all.o)
 .group         0x0000000000000000        0xc ../libopencm3/lib/libopencm3_stm32f4.a(rcc_common_all.o)
 .group         0x0000000000000000        0xc ../libopencm3/lib/libopencm3_stm32f4.a(rcc_common_all.o)
 .group         0x0000000000000000        0xc ../libopencm3/lib/libopencm3_stm32f4.a(rcc_common_all.o)
 .text          0x0000000000000000        0x0 ../libopencm3/lib/libopencm3_stm32f4.a(rcc_common_all.o)
 .data          0x0000000000000000        0x0 ../libopencm3/lib/libopencm3_stm32f4.a(rcc_common_all.o)
 .bss           0x0000000000000000        0x0 ../libopencm3/lib/libopencm3_stm32f4.a(rcc_common_all.o)
 .text.rcc_peripheral_enable_clock
                0x0000000000000000        0x8 ../libopencm3/lib/libopencm3_stm32f4.a(rcc_common_all.o)
 .text.rcc_peripheral_disable_clock
                0x0000000000000000        0xa ../libopencm3/lib/libopencm3_stm32f4.a(rcc_common_all.o)
 .text.rcc_peripheral_reset
                0x0000000000000000        0x8 ../libopencm3/lib/libopencm3_stm32f4.a(rcc_common_all.o)
 .text.rcc_peripheral_clear_reset
                0x0000000000000000        0xa ../libopencm3/lib/libopencm3_stm32f4.a(rcc_common_all.o)
 .text.rcc_periph_clock_disable
                0x0000000000000000       0x1e ../libopencm3/lib/libopencm3_stm32f4.a(rcc_common_all.o)
 .text.rcc_periph_reset_pulse
                0x0000000000000000       0x24 ../libopencm3/lib/libopencm3_stm32f4.a(rcc_common_all.o)
 .text.rcc_periph_reset_hold
                0x0000000000000000        0x4 ../libopencm3/lib/libopencm3_stm32f4.a(rcc_common_all.o)
 .text.rcc_periph_reset_release
                0x0000000000000000        0x4 ../libopencm3/lib/libopencm3_stm32f4.a(rcc_common_all.o)
 .text.rcc_set_mco
                0x0000000000000000       0x18 ../libopencm3/lib/libopencm3_stm32f4.a(rcc_common_all.o)
 .text.rcc_osc_bypass_enable
                0x0000000000000000       0x30 ../libopencm3/lib/libopencm3_stm32f4.a(rcc_common_all.o)
 .text.rcc_osc_bypass_disable
                0x0000000000000000       0x30 ../libopencm3/lib/libopencm3_stm32f4.a(rcc_common_all.o)
 .debug_macro   0x0000000000000000      0xa6c ../libopencm3/lib/libopencm3_stm32f4.a(rcc_common_all.o)
 .debug_macro   0x0000000000000000       0x1c ../libopencm3/lib/libopencm3_stm32f4.a(rcc_common_all.o)
 .debug_macro   0x0000000000000000       0x22 ../libopencm3/lib/libopencm3_stm32f4.a(rcc_common_all.o)
 .debug_macro   0x0000000000000000       0x56 ../libopencm3/lib/libopencm3_stm32f4.a(rcc_common_all.o)
 .debug_macro   0x0000000000000000       0x51 ../libopencm3/lib/libopencm3_stm32f4.a(rcc_common_all.o)
 .debug_macro   0x0000000000000000      0x103 ../libopencm3/lib/libopencm3_stm32f4.a(rcc_common_all.o)
 .debug_macro   0x0000000000000000       0x6a ../libopencm3/lib/libopencm3_stm32f4.a(rcc_common_all.o)
 .debug_macro   0x0000000000000000      0x1df ../libopencm3/lib/libopencm3_stm32f4.a(rcc_common_all.o)
 .debug_macro   0x0000000000000000       0x22 ../libopencm3/lib/libopencm3_stm32f4.a(rcc_common_all.o)
 .debug_macro   0x0000000000000000       0xe8 ../libopencm3/lib/libopencm3_stm32f4.a(rcc_common_all.o)
 .debug_macro   0x0000000000000000       0x76 ../libopencm3/lib/libopencm3_stm32f4.a(rcc_common_all.o)
 .debug_macro   0x0000000000000000      0x273 ../libopencm3/lib/libopencm3_stm32f4.a(rcc_common_all.o)
 .debug_macro   0x0000000000000000       0x8e ../libopencm3/lib/libopencm3_stm32f4.a(rcc_common_all.o)
 .debug_macro   0x0000000000000000       0x28 ../libopencm3/lib/libopencm3_stm32f4.a(rcc_common_all.o)
 .debug_macro   0x0000000000000000      0xc89 ../libopencm3/lib/libopencm3_stm32f4.a(rcc_common_all.o)
 .group         0x0000000000000000        0xc ../libopencm3/lib/libopencm3_stm32f4.a(rcc.o)
 .group         0x0000000000000000        0xc ../libopencm3/lib/libopencm3_stm32f4.a(rcc.o)
 .group         0x0000000000000000        0xc ../libopencm3/lib/libopencm3_stm32f4.a(rcc.o)
 .group         0x0000000000000000        0xc ../libopencm3/lib/libopencm3_stm32f4.a(rcc.o)
 .group         0x0000000000000000        0xc ../libopencm3/lib/libopencm3_stm32f4.a(rcc.o)
 .group         0x0000000000000000        0xc ../libopencm3/lib/libopencm3_stm32f4.a(rcc.o)
 .group         0x0000000000000000        0xc ../libopencm3/lib/libopencm3_stm32f4.a(rcc.o)
 .group         0x0000000000000000        0xc ../libopencm3/lib/libopencm3_stm32f4.a(rcc.o)
 .group         0x0000000000000000        0xc ../libopencm3/lib/libopencm3_stm32f4.a(rcc.o)
 .group         0x0000000000000000        0xc ../libopencm3/lib/libopencm3_stm32f4.a(rcc.o)
 .group         0x0000000000000000        0xc ../libopencm3/lib/libopencm3_stm32f4.a(rcc.o)
 .group         0x0000000000000000        0xc ../libopencm3/lib/libopencm3_stm32f4.a(rcc.o)
 .group         0x0000000000000000        0xc ../libopencm3/lib/libopencm3_stm32f4.a(rcc.o)
 .group         0x0000000000000000        0xc ../libopencm3/lib/libopencm3_stm32f4.a(rcc.o)
 .group         0x0000000000000000        0xc ../libopencm3/lib/libopencm3_stm32f4.a(rcc.o)
 .group         0x0000000000000000        0xc ../libopencm3/lib/libopencm3_stm32f4.a(rcc.o)
 .group         0x0000000000000000        0xc ../libopencm3/lib/libopencm3_stm32f4.a(rcc.o)
 .group         0x0000000000000000        0xc ../libopencm3/lib/libopencm3_stm32f4.a(rcc.o)
 .group         0x0000000000000000        0xc ../libopencm3/lib/libopencm3_stm32f4.a(rcc.o)
 .text          0x0000000000000000        0x0 ../libopencm3/lib/libopencm3_stm32f4.a(rcc.o)
 .data          0x0000000000000000        0x0 ../libopencm3/lib/libopencm3_stm32f4.a(rcc.o)
 .bss           0x0000000000000000        0x0 ../libopencm3/lib/libopencm3_stm32f4.a(rcc.o)
 .text.rcc_osc_ready_int_clear
                0x0000000000000000       0x6c ../libopencm3/lib/libopencm3_stm32f4.a(rcc.o)
 .text.rcc_osc_ready_int_enable
                0x0000000000000000       0x6c ../libopencm3/lib/libopencm3_stm32f4.a(rcc.o)
 .text.rcc_osc_ready_int_disable
                0x0000000000000000       0x6c ../libopencm3/lib/libopencm3_stm32f4.a(rcc.o)
 .text.rcc_osc_ready_int_flag
                0x0000000000000000       0x6c ../libopencm3/lib/libopencm3_stm32f4.a(rcc.o)
 .text.rcc_css_int_clear
                0x0000000000000000       0x14 ../libopencm3/lib/libopencm3_stm32f4.a(rcc.o)
 .text.rcc_css_int_flag
                0x0000000000000000       0x10 ../libopencm3/lib/libopencm3_stm32f4.a(rcc.o)
 .text.rcc_wait_for_sysclk_status
                0x0000000000000000       0x40 ../libopencm3/lib/libopencm3_stm32f4.a(rcc.o)
 .text.rcc_css_enable
                0x0000000000000000       0x14 ../libopencm3/lib/libopencm3_stm32f4.a(rcc.o)
 .text.rcc_css_disable
                0x0000000000000000       0x14 ../libopencm3/lib/libopencm3_stm32f4.a(rcc.o)
 .text.rcc_plli2s_config
                0x0000000000000000       0x1c ../libopencm3/lib/libopencm3_stm32f4.a(rcc.o)
 .text.rcc_pllsai_config
                0x0000000000000000       0x2c ../libopencm3/lib/libopencm3_stm32f4.a(rcc.o)
 .text.rcc_pllsai_postscalers
                0x0000000000000000       0x28 ../libopencm3/lib/libopencm3_stm32f4.a(rcc.o)
 .text.rcc_set_pll_source
                0x0000000000000000       0x18 ../libopencm3/lib/libopencm3_stm32f4.a(rcc.o)
 .text.rcc_set_rtcpre
                0x0000000000000000       0x18 ../libopencm3/lib/libopencm3_stm32f4.a(rcc.o)
 .text.rcc_system_clock_source
                0x0000000000000000       0x10 ../libopencm3/lib/libopencm3_stm32f4.a(rcc.o)
 .text.rcc_clock_setup_hse_3v3
                0x0000000000000000        0x4 ../libopencm3/lib/libopencm3_stm32f4.a(rcc.o)
 .rodata.rcc_hse_12mhz_3v3
                0x0000000000000000       0x54 ../libopencm3/lib/libopencm3_stm32f4.a(rcc.o)
 .rodata.rcc_hse_16mhz_3v3
                0x0000000000000000       0x54 ../libopencm3/lib/libopencm3_stm32f4.a(rcc.o)
 .rodata.rcc_hse_25mhz_3v3
                0x0000000000000000       0x54 ../libopencm3/lib/libopencm3_stm32f4.a(rcc.o)
 .rodata.rcc_hsi_configs
                0x0000000000000000       0x54 ../libopencm3/lib/libopencm3_stm32f4.a(rcc.o)
 .debug_macro   0x0000000000000000      0xa6c ../libopencm3/lib/libopencm3_stm32f4.a(rcc.o)
 .debug_macro   0x0000000000000000       0x1c ../libopencm3/lib/libopencm3_stm32f4.a(rcc.o)
 .debug_macro   0x0000000000000000       0x22 ../libopencm3/lib/libopencm3_stm32f4.a(rcc.o)
 .debug_macro   0x0000000000000000       0x56 ../libopencm3/lib/libopencm3_stm32f4.a(rcc.o)
 .debug_macro   0x0000000000000000       0x51 ../libopencm3/lib/libopencm3_stm32f4.a(rcc.o)
 .debug_macro   0x0000000000000000      0x103 ../libopencm3/lib/libopencm3_stm32f4.a(rcc.o)
 .debug_macro   0x0000000000000000       0x6a ../libopencm3/lib/libopencm3_stm32f4.a(rcc.o)
 .debug_macro   0x0000000000000000      0x1df ../libopencm3/lib/libopencm3_stm32f4.a(rcc.o)
 .debug_macro   0x0000000000000000       0x22 ../libopencm3/lib/libopencm3_stm32f4.a(rcc.o)
 .debug_macro   0x0000000000000000       0xe8 ../libopencm3/lib/libopencm3_stm32f4.a(rcc.o)
 .debug_macro   0x0000000000000000       0x76 ../libopencm3/lib/libopencm3_stm32f4.a(rcc.o)
 .debug_macro   0x0000000000000000      0x273 ../libopencm3/lib/libopencm3_stm32f4.a(rcc.o)
 .debug_macro   0x0000000000000000       0x8e ../libopencm3/lib/libopencm3_stm32f4.a(rcc.o)
 .debug_macro   0x0000000000000000       0x28 ../libopencm3/lib/libopencm3_stm32f4.a(rcc.o)
 .debug_macro   0x0000000000000000      0xc89 ../libopencm3/lib/libopencm3_stm32f4.a(rcc.o)
 .group         0x0000000000000000        0xc ../libopencm3/lib/libopencm3_stm32f4.a(vector.o)
 .group         0x0000000000000000        0xc ../libopencm3/lib/libopencm3_stm32f4.a(vector.o)
 .group         0x0000000000000000        0xc ../libopencm3/lib/libopencm3_stm32f4.a(vector.o)
 .group         0x0000000000000000        0xc ../libopencm3/lib/libopencm3_stm32f4.a(vector.o)
 .group         0x0000000000000000        0xc ../libopencm3/lib/libopencm3_stm32f4.a(vector.o)
 .group         0x0000000000000000        0xc ../libopencm3/lib/libopencm3_stm32f4.a(vector.o)
 .group         0x0000000000000000        0xc ../libopencm3/lib/libopencm3_stm32f4.a(vector.o)
 .group         0x0000000000000000        0xc ../libopencm3/lib/libopencm3_stm32f4.a(vector.o)
 .group         0x0000000000000000        0xc ../libopencm3/lib/libopencm3_stm32f4.a(vector.o)
 .group         0x0000000000000000        0xc ../libopencm3/lib/libopencm3_stm32f4.a(vector.o)
 .group         0x0000000000000000        0xc ../libopencm3/lib/libopencm3_stm32f4.a(vector.o)
 .group         0x0000000000000000        0xc ../libopencm3/lib/libopencm3_stm32f4.a(vector.o)
 .group         0x0000000000000000        0xc ../libopencm3/lib/libopencm3_stm32f4.a(vector.o)
 .group         0x0000000000000000        0xc ../libopencm3/lib/libopencm3_stm32f4.a(vector.o)
 .text          0x0000000000000000        0x0 ../libopencm3/lib/libopencm3_stm32f4.a(vector.o)
 .data          0x0000000000000000        0x0 ../libopencm3/lib/libopencm3_stm32f4.a(vector.o)
 .bss           0x0000000000000000        0x0 ../libopencm3/lib/libopencm3_stm32f4.a(vector.o)
 .debug_macro   0x0000000000000000      0xa6c ../libopencm3/lib/libopencm3_stm32f4.a(vector.o)
 .debug_macro   0x0000000000000000       0x76 ../libopencm3/lib/libopencm3_stm32f4.a(vector.o)
 .debug_macro   0x0000000000000000       0x1c ../libopencm3/lib/libopencm3_stm32f4.a(vector.o)
 .debug_macro   0x0000000000000000       0x22 ../libopencm3/lib/libopencm3_stm32f4.a(vector.o)
 .debug_macro   0x0000000000000000       0x56 ../libopencm3/lib/libopencm3_stm32f4.a(vector.o)
 .debug_macro   0x0000000000000000       0x51 ../libopencm3/lib/libopencm3_stm32f4.a(vector.o)
 .debug_macro   0x0000000000000000      0x103 ../libopencm3/lib/libopencm3_stm32f4.a(vector.o)
 .debug_macro   0x0000000000000000       0x6a ../libopencm3/lib/libopencm3_stm32f4.a(vector.o)
 .debug_macro   0x0000000000000000      0x1df ../libopencm3/lib/libopencm3_stm32f4.a(vector.o)
 .debug_macro   0x0000000000000000       0x22 ../libopencm3/lib/libopencm3_stm32f4.a(vector.o)
 .debug_macro   0x0000000000000000       0xe8 ../libopencm3/lib/libopencm3_stm32f4.a(vector.o)
 .debug_macro   0x0000000000000000      0x22c ../libopencm3/lib/libopencm3_stm32f4.a(vector.o)
 .group         0x0000000000000000        0xc ../libopencm3/lib/libopencm3_stm32f4.a(systick.o)
 .group         0x0000000000000000        0xc ../libopencm3/lib/libopencm3_stm32f4.a(systick.o)
 .group         0x0000000000000000        0xc ../libopencm3/lib/libopencm3_stm32f4.a(systick.o)
 .group         0x0000000000000000        0xc ../libopencm3/lib/libopencm3_stm32f4.a(systick.o)
 .group         0x0000000000000000        0xc ../libopencm3/lib/libopencm3_stm32f4.a(systick.o)
 .group         0x0000000000000000        0xc ../libopencm3/lib/libopencm3_stm32f4.a(systick.o)
 .group         0x0000000000000000        0xc ../libopencm3/lib/libopencm3_stm32f4.a(systick.o)
 .group         0x0000000000000000        0xc ../libopencm3/lib/libopencm3_stm32f4.a(systick.o)
 .group         0x0000000000000000        0xc ../libopencm3/lib/libopencm3_stm32f4.a(systick.o)
 .group         0x0000000000000000        0xc ../libopencm3/lib/libopencm3_stm32f4.a(systick.o)
 .group         0x0000000000000000        0xc ../libopencm3/lib/libopencm3_stm32f4.a(systick.o)
 .group         0x0000000000000000        0xc ../libopencm3/lib/libopencm3_stm32f4.a(systick.o)
 .text          0x0000000000000000        0x0 ../libopencm3/lib/libopencm3_stm32f4.a(systick.o)
 .data          0x0000000000000000        0x0 ../libopencm3/lib/libopencm3_stm32f4.a(systick.o)
 .bss           0x0000000000000000        0x0 ../libopencm3/lib/libopencm3_stm32f4.a(systick.o)
 .text.systick_get_reload
                0x0000000000000000        0xc ../libopencm3/lib/libopencm3_stm32f4.a(systick.o)
 .text.systick_get_value
                0x0000000000000000        0xc ../libopencm3/lib/libopencm3_stm32f4.a(systick.o)
 .text.systick_set_frequency
                0x0000000000000000       0x38 ../libopencm3/lib/libopencm3_stm32f4.a(systick.o)
 .text.systick_interrupt_disable
                0x0000000000000000        0xe ../libopencm3/lib/libopencm3_stm32f4.a(systick.o)
 .text.systick_counter_disable
                0x0000000000000000        0xe ../libopencm3/lib/libopencm3_stm32f4.a(systick.o)
 .text.systick_get_countflag
                0x0000000000000000        0xc ../libopencm3/lib/libopencm3_stm32f4.a(systick.o)
 .text.systick_clear
                0x0000000000000000        0xa ../libopencm3/lib/libopencm3_stm32f4.a(systick.o)
 .text.systick_get_calib
                0x0000000000000000        0xc ../libopencm3/lib/libopencm3_stm32f4.a(systick.o)
 .debug_macro   0x0000000000000000      0xa6c ../libopencm3/lib/libopencm3_stm32f4.a(systick.o)
 .debug_macro   0x0000000000000000       0x76 ../libopencm3/lib/libopencm3_stm32f4.a(systick.o)
 .debug_macro   0x0000000000000000       0x1c ../libopencm3/lib/libopencm3_stm32f4.a(systick.o)
 .debug_macro   0x0000000000000000       0x22 ../libopencm3/lib/libopencm3_stm32f4.a(systick.o)
 .debug_macro   0x0000000000000000       0x56 ../libopencm3/lib/libopencm3_stm32f4.a(systick.o)
 .debug_macro   0x0000000000000000       0x51 ../libopencm3/lib/libopencm3_stm32f4.a(systick.o)
 .debug_macro   0x0000000000000000      0x103 ../libopencm3/lib/libopencm3_stm32f4.a(systick.o)
 .debug_macro   0x0000000000000000       0x6a ../libopencm3/lib/libopencm3_stm32f4.a(systick.o)
 .debug_macro   0x0000000000000000      0x1df ../libopencm3/lib/libopencm3_stm32f4.a(systick.o)
 .debug_macro   0x0000000000000000       0x22 ../libopencm3/lib/libopencm3_stm32f4.a(systick.o)
 .debug_macro   0x0000000000000000       0xe8 ../libopencm3/lib/libopencm3_stm32f4.a(systick.o)
 .group         0x0000000000000000        0xc ../libopencm3/lib/libopencm3_stm32f4.a(flash_common_all.o)
 .group         0x0000000000000000        0xc ../libopencm3/lib/libopencm3_stm32f4.a(flash_common_all.o)
 .group         0x0000000000000000        0xc ../libopencm3/lib/libopencm3_stm32f4.a(flash_common_all.o)
 .group         0x0000000000000000        0xc ../libopencm3/lib/libopencm3_stm32f4.a(flash_common_all.o)
 .group         0x0000000000000000        0xc ../libopencm3/lib/libopencm3_stm32f4.a(flash_common_all.o)
 .group         0x0000000000000000        0xc ../libopencm3/lib/libopencm3_stm32f4.a(flash_common_all.o)
 .group         0x0000000000000000        0xc ../libopencm3/lib/libopencm3_stm32f4.a(flash_common_all.o)
 .group         0x0000000000000000        0xc ../libopencm3/lib/libopencm3_stm32f4.a(flash_common_all.o)
 .group         0x0000000000000000        0xc ../libopencm3/lib/libopencm3_stm32f4.a(flash_common_all.o)
 .group         0x0000000000000000        0xc ../libopencm3/lib/libopencm3_stm32f4.a(flash_common_all.o)
 .group         0x0000000000000000        0xc ../libopencm3/lib/libopencm3_stm32f4.a(flash_common_all.o)
 .group         0x0000000000000000        0xc ../libopencm3/lib/libopencm3_stm32f4.a(flash_common_all.o)
 .group         0x0000000000000000        0xc ../libopencm3/lib/libopencm3_stm32f4.a(flash_common_all.o)
 .group         0x0000000000000000        0xc ../libopencm3/lib/libopencm3_stm32f4.a(flash_common_all.o)
 .group         0x0000000000000000        0xc ../libopencm3/lib/libopencm3_stm32f4.a(flash_common_all.o)
 .text          0x0000000000000000        0x0 ../libopencm3/lib/libopencm3_stm32f4.a(flash_common_all.o)
 .data          0x0000000000000000        0x0 ../libopencm3/lib/libopencm3_stm32f4.a(flash_common_all.o)
 .bss           0x0000000000000000        0x0 ../libopencm3/lib/libopencm3_stm32f4.a(flash_common_all.o)
 .text.flash_prefetch_enable
                0x0000000000000000       0x14 ../libopencm3/lib/libopencm3_stm32f4.a(flash_common_all.o)
 .text.flash_prefetch_disable
                0x0000000000000000       0x14 ../libopencm3/lib/libopencm3_stm32f4.a(flash_common_all.o)
 .text.flash_unlock_option_bytes
                0x0000000000000000       0x1c ../libopencm3/lib/libopencm3_stm32f4.a(flash_common_all.o)
 .debug_macro   0x0000000000000000      0xa6c ../libopencm3/lib/libopencm3_stm32f4.a(flash_common_all.o)
 .debug_macro   0x0000000000000000       0x1c ../libopencm3/lib/libopencm3_stm32f4.a(flash_common_all.o)
 .debug_macro   0x0000000000000000       0x22 ../libopencm3/lib/libopencm3_stm32f4.a(flash_common_all.o)
 .debug_macro   0x0000000000000000       0x56 ../libopencm3/lib/libopencm3_stm32f4.a(flash_common_all.o)
 .debug_macro   0x0000000000000000       0x51 ../libopencm3/lib/libopencm3_stm32f4.a(flash_common_all.o)
 .debug_macro   0x0000000000000000      0x103 ../libopencm3/lib/libopencm3_stm32f4.a(flash_common_all.o)
 .debug_macro   0x0000000000000000       0x6a ../libopencm3/lib/libopencm3_stm32f4.a(flash_common_all.o)
 .debug_macro   0x0000000000000000      0x1df ../libopencm3/lib/libopencm3_stm32f4.a(flash_common_all.o)
 .debug_macro   0x0000000000000000       0x22 ../libopencm3/lib/libopencm3_stm32f4.a(flash_common_all.o)
 .debug_macro   0x0000000000000000       0xe8 ../libopencm3/lib/libopencm3_stm32f4.a(flash_common_all.o)
 .debug_macro   0x0000000000000000       0x76 ../libopencm3/lib/libopencm3_stm32f4.a(flash_common_all.o)
 .debug_macro   0x0000000000000000      0x273 ../libopencm3/lib/libopencm3_stm32f4.a(flash_common_all.o)
 .debug_macro   0x0000000000000000       0x1c ../libopencm3/lib/libopencm3_stm32f4.a(flash_common_all.o)
 .debug_macro   0x0000000000000000      0x140 ../libopencm3/lib/libopencm3_stm32f4.a(flash_common_all.o)
 .debug_macro   0x0000000000000000       0x10 ../libopencm3/lib/libopencm3_stm32f4.a(flash_common_all.o)
 .group         0x0000000000000000        0xc ../libopencm3/lib/libopencm3_stm32f4.a(flash_common_idcache.o)
 .group         0x0000000000000000        0xc ../libopencm3/lib/libopencm3_stm32f4.a(flash_common_idcache.o)
 .group         0x0000000000000000        0xc ../libopencm3/lib/libopencm3_stm32f4.a(flash_common_idcache.o)
 .group         0x0000000000000000        0xc ../libopencm3/lib/libopencm3_stm32f4.a(flash_common_idcache.o)
 .group         0x0000000000000000        0xc ../libopencm3/lib/libopencm3_stm32f4.a(flash_common_idcache.o)
 .group         0x0000000000000000        0xc ../libopencm3/lib/libopencm3_stm32f4.a(flash_common_idcache.o)
 .group         0x0000000000000000        0xc ../libopencm3/lib/libopencm3_stm32f4.a(flash_common_idcache.o)
 .group         0x0000000000000000        0xc ../libopencm3/lib/libopencm3_stm32f4.a(flash_common_idcache.o)
 .group         0x0000000000000000        0xc ../libopencm3/lib/libopencm3_stm32f4.a(flash_common_idcache.o)
 .group         0x0000000000000000        0xc ../libopencm3/lib/libopencm3_stm32f4.a(flash_common_idcache.o)
 .group         0x0000000000000000        0xc ../libopencm3/lib/libopencm3_stm32f4.a(flash_common_idcache.o)
 .group         0x0000000000000000        0xc ../libopencm3/lib/libopencm3_stm32f4.a(flash_common_idcache.o)
 .group         0x0000000000000000        0xc ../libopencm3/lib/libopencm3_stm32f4.a(flash_common_idcache.o)
 .group         0x0000000000000000        0xc ../libopencm3/lib/libopencm3_stm32f4.a(flash_common_idcache.o)
 .group         0x0000000000000000        0xc ../libopencm3/lib/libopencm3_stm32f4.a(flash_common_idcache.o)
 .text          0x0000000000000000        0x0 ../libopencm3/lib/libopencm3_stm32f4.a(flash_common_idcache.o)
 .data          0x0000000000000000        0x0 ../libopencm3/lib/libopencm3_stm32f4.a(flash_common_idcache.o)
 .bss           0x0000000000000000        0x0 ../libopencm3/lib/libopencm3_stm32f4.a(flash_common_idcache.o)
 .text.flash_dcache_reset
                0x0000000000000000       0x14 ../libopencm3/lib/libopencm3_stm32f4.a(flash_common_idcache.o)
 .text.flash_icache_reset
                0x0000000000000000       0x14 ../libopencm3/lib/libopencm3_stm32f4.a(flash_common_idcache.o)
 .debug_macro   0x0000000000000000      0xa6c ../libopencm3/lib/libopencm3_stm32f4.a(flash_common_idcache.o)
 .debug_macro   0x0000000000000000       0x1c ../libopencm3/lib/libopencm3_stm32f4.a(flash_common_idcache.o)
 .debug_macro   0x0000000000000000       0x22 ../libopencm3/lib/libopencm3_stm32f4.a(flash_common_idcache.o)
 .debug_macro   0x0000000000000000       0x56 ../libopencm3/lib/libopencm3_stm32f4.a(flash_common_idcache.o)
 .debug_macro   0x0000000000000000       0x51 ../libopencm3/lib/libopencm3_stm32f4.a(flash_common_idcache.o)
 .debug_macro   0x0000000000000000      0x103 ../libopencm3/lib/libopencm3_stm32f4.a(flash_common_idcache.o)
 .debug_macro   0x0000000000000000       0x6a ../libopencm3/lib/libopencm3_stm32f4.a(flash_common_idcache.o)
 .debug_macro   0x0000000000000000      0x1df ../libopencm3/lib/libopencm3_stm32f4.a(flash_common_idcache.o)
 .debug_macro   0x0000000000000000       0x22 ../libopencm3/lib/libopencm3_stm32f4.a(flash_common_idcache.o)
 .debug_macro   0x0000000000000000       0xe8 ../libopencm3/lib/libopencm3_stm32f4.a(flash_common_idcache.o)
 .debug_macro   0x0000000000000000       0x76 ../libopencm3/lib/libopencm3_stm32f4.a(flash_common_idcache.o)
 .debug_macro   0x0000000000000000      0x273 ../libopencm3/lib/libopencm3_stm32f4.a(flash_common_idcache.o)
 .debug_macro   0x0000000000000000       0x1c ../libopencm3/lib/libopencm3_stm32f4.a(flash_common_idcache.o)
 .debug_macro   0x0000000000000000      0x140 ../libopencm3/lib/libopencm3_stm32f4.a(flash_common_idcache.o)
 .debug_macro   0x0000000000000000       0x10 ../libopencm3/lib/libopencm3_stm32f4.a(flash_common_idcache.o)
 .group         0x0000000000000000        0xc ../libopencm3/lib/libopencm3_stm32f4.a(pwr.o)
 .group         0x0000000000000000        0xc ../libopencm3/lib/libopencm3_stm32f4.a(pwr.o)
 .group         0x0000000000000000        0xc ../libopencm3/lib/libopencm3_stm32f4.a(pwr.o)
 .group         0x0000000000000000        0xc ../libopencm3/lib/libopencm3_stm32f4.a(pwr.o)
 .group         0x0000000000000000        0xc ../libopencm3/lib/libopencm3_stm32f4.a(pwr.o)
 .group         0x0000000000000000        0xc ../libopencm3/lib/libopencm3_stm32f4.a(pwr.o)
 .group         0x0000000000000000        0xc ../libopencm3/lib/libopencm3_stm32f4.a(pwr.o)
 .group         0x0000000000000000        0xc ../libopencm3/lib/libopencm3_stm32f4.a(pwr.o)
 .group         0x0000000000000000        0xc ../libopencm3/lib/libopencm3_stm32f4.a(pwr.o)
 .group         0x0000000000000000        0xc ../libopencm3/lib/libopencm3_stm32f4.a(pwr.o)
 .group         0x0000000000000000        0xc ../libopencm3/lib/libopencm3_stm32f4.a(pwr.o)
 .group         0x0000000000000000        0xc ../libopencm3/lib/libopencm3_stm32f4.a(pwr.o)
 .group         0x0000000000000000        0xc ../libopencm3/lib/libopencm3_stm32f4.a(pwr.o)
 .group         0x0000000000000000        0xc ../libopencm3/lib/libopencm3_stm32f4.a(pwr.o)
 .text          0x0000000000000000        0x0 ../libopencm3/lib/libopencm3_stm32f4.a(pwr.o)
 .data          0x0000000000000000        0x0 ../libopencm3/lib/libopencm3_stm32f4.a(pwr.o)
 .bss           0x0000000000000000        0x0 ../libopencm3/lib/libopencm3_stm32f4.a(pwr.o)
 .debug_macro   0x0000000000000000      0xa6c ../libopencm3/lib/libopencm3_stm32f4.a(pwr.o)
 .debug_macro   0x0000000000000000       0x1c ../libopencm3/lib/libopencm3_stm32f4.a(pwr.o)
 .debug_macro   0x0000000000000000       0x22 ../libopencm3/lib/libopencm3_stm32f4.a(pwr.o)
 .debug_macro   0x0000000000000000       0x56 ../libopencm3/lib/libopencm3_stm32f4.a(pwr.o)
 .debug_macro   0x0000000000000000       0x51 ../libopencm3/lib/libopencm3_stm32f4.a(pwr.o)
 .debug_macro   0x0000000000000000      0x103 ../libopencm3/lib/libopencm3_stm32f4.a(pwr.o)
 .debug_macro   0x0000000000000000       0x6a ../libopencm3/lib/libopencm3_stm32f4.a(pwr.o)
 .debug_macro   0x0000000000000000      0x1df ../libopencm3/lib/libopencm3_stm32f4.a(pwr.o)
 .debug_macro   0x0000000000000000       0x22 ../libopencm3/lib/libopencm3_stm32f4.a(pwr.o)
 .debug_macro   0x0000000000000000       0xe8 ../libopencm3/lib/libopencm3_stm32f4.a(pwr.o)
 .debug_macro   0x0000000000000000       0x76 ../libopencm3/lib/libopencm3_stm32f4.a(pwr.o)
 .debug_macro   0x0000000000000000      0x273 ../libopencm3/lib/libopencm3_stm32f4.a(pwr.o)
 .debug_macro   0x0000000000000000       0x8e ../libopencm3/lib/libopencm3_stm32f4.a(pwr.o)
 .debug_macro   0x0000000000000000       0x28 ../libopencm3/lib/libopencm3_stm32f4.a(pwr.o)

Memory Configuration

Name             Origin             Length             Attributes
ram              0x0000000020000000 0x0000000000020000 xrw
rom              0x0000000008000000 0x0000000000100000 xr
ccm              0x0000000010000000 0x0000000000010000 xrw
*default*        0x0000000000000000 0xffffffffffffffff

Linker script and memory map

LOAD bin/main.o
LOAD bin/api.o
LOAD bin/led.o
LOAD bin/delay.o
LOAD bin/api-asm.o
LOAD ../libopencm3/lib/libopencm3_stm32f4.a
START GROUP
LOAD /usr/lib/gcc/arm-none-eabi/10.3.0/../../../../arm-none-eabi/lib/thumb/v7e-m+fp/hard/libc_nano.a
LOAD /usr/lib/gcc/arm-none-eabi/10.3.0/thumb/v7e-m+fp/hard/libgcc.a
LOAD /usr/lib/gcc/arm-none-eabi/10.3.0/../../../../arm-none-eabi/lib/thumb/v7e-m+fp/hard/libnosys.a
END GROUP
START GROUP
LOAD /usr/lib/gcc/arm-none-eabi/10.3.0/thumb/v7e-m+fp/hard/libgcc.a
LOAD /usr/lib/gcc/arm-none-eabi/10.3.0/../../../../arm-none-eabi/lib/thumb/v7e-m+fp/hard/libc_nano.a
END GROUP
START GROUP
LOAD /usr/lib/gcc/arm-none-eabi/10.3.0/thumb/v7e-m+fp/hard/libgcc.a
LOAD /usr/lib/gcc/arm-none-eabi/10.3.0/../../../../arm-none-eabi/lib/thumb/v7e-m+fp/hard/libc_nano.a
END GROUP

.text           0x0000000008000000      0x804
 *(.vectors)
 .vectors       0x0000000008000000      0x1ac ../libopencm3/lib/libopencm3_stm32f4.a(vector.o)
                0x0000000008000000                vector_table
 *(.text*)
 .text.startup.main
                0x00000000080001ac       0x24 bin/main.o
                0x00000000080001ac                main
 .text.led_toggle.part.0
                0x00000000080001d0       0x18 bin/led.o
 .text.led_setup
                0x00000000080001e8       0x38 bin/led.o
                0x00000000080001e8                led_setup
 .text.led_test
                0x0000000008000220       0x4c bin/led.o
                0x0000000008000220                led_test
 .text.sys_tick_handler
                0x000000000800026c       0x10 bin/delay.o
                0x000000000800026c                sys_tick_handler
 .text.delay_msleep
                0x000000000800027c       0x14 bin/delay.o
                0x000000000800027c                delay_msleep
 .text.delay_setup
                0x0000000008000290       0x20 bin/delay.o
                0x0000000008000290                delay_setup
 .text.gpio_set
                0x00000000080002b0        0x4 ../libopencm3/lib/libopencm3_stm32f4.a(gpio_common_all.o)
                0x00000000080002b0                gpio_set
 .text.gpio_clear
                0x00000000080002b4        0x6 ../libopencm3/lib/libopencm3_stm32f4.a(gpio_common_all.o)
                0x00000000080002b4                gpio_clear
 .text.gpio_toggle
                0x00000000080002ba       0x12 ../libopencm3/lib/libopencm3_stm32f4.a(gpio_common_all.o)
                0x00000000080002ba                gpio_toggle
 .text.gpio_mode_setup
                0x00000000080002cc       0x40 ../libopencm3/lib/libopencm3_stm32f4.a(gpio_common_f0234.o)
                0x00000000080002cc                gpio_mode_setup
 .text.rcc_periph_clock_enable
                0x000000000800030c       0x1c ../libopencm3/lib/libopencm3_stm32f4.a(rcc_common_all.o)
                0x000000000800030c                rcc_periph_clock_enable
 .text.rcc_is_osc_ready
                0x0000000008000328       0x64 ../libopencm3/lib/libopencm3_stm32f4.a(rcc.o)
                0x0000000008000328                rcc_is_osc_ready
 .text.rcc_wait_for_osc_ready
                0x000000000800038c       0x10 ../libopencm3/lib/libopencm3_stm32f4.a(rcc.o)
                0x000000000800038c                rcc_wait_for_osc_ready
 .text.rcc_osc_on
                0x000000000800039c       0x74 ../libopencm3/lib/libopencm3_stm32f4.a(rcc.o)
                0x000000000800039c                rcc_osc_on
 .text.rcc_osc_off
                0x0000000008000410       0x74 ../libopencm3/lib/libopencm3_stm32f4.a(rcc.o)
                0x0000000008000410                rcc_osc_off
 .text.rcc_set_sysclk_source
                0x0000000008000484       0x18 ../libopencm3/lib/libopencm3_stm32f4.a(rcc.o)
                0x0000000008000484                rcc_set_sysclk_source
 .text.rcc_set_ppre2
                0x000000000800049c       0x18 ../libopencm3/lib/libopencm3_stm32f4.a(rcc.o)
                0x000000000800049c                rcc_set_ppre2
 .text.rcc_set_ppre1
                0x00000000080004b4       0x18 ../libopencm3/lib/libopencm3_stm32f4.a(rcc.o)
                0x00000000080004b4                rcc_set_ppre1
 .text.rcc_set_hpre
                0x00000000080004cc       0x18 ../libopencm3/lib/libopencm3_stm32f4.a(rcc.o)
                0x00000000080004cc                rcc_set_hpre
 .text.rcc_set_main_pll_hsi
                0x00000000080004e4       0x44 ../libopencm3/lib/libopencm3_stm32f4.a(rcc.o)
                0x00000000080004e4                rcc_set_main_pll_hsi
 .text.rcc_set_main_pll_hse
                0x0000000008000528       0x44 ../libopencm3/lib/libopencm3_stm32f4.a(rcc.o)
                0x0000000008000528                rcc_set_main_pll_hse
 .text.rcc_clock_setup_pll
                0x000000000800056c       0xe4 ../libopencm3/lib/libopencm3_stm32f4.a(rcc.o)
                0x000000000800056c                rcc_clock_setup_pll
 .text.blocking_handler
                0x0000000008000650        0x2 ../libopencm3/lib/libopencm3_stm32f4.a(vector.o)
                0x0000000008000650                dma2_stream1_isr
                0x0000000008000650                tim8_brk_tim12_isr
                0x0000000008000650                dma1_stream7_isr
                0x0000000008000650                usart3_isr
                0x0000000008000650                tim7_isr
                0x0000000008000650                dma2d_isr
                0x0000000008000650                uart8_isr
                0x0000000008000650                dma1_stream2_isr
                0x0000000008000650                otg_hs_isr
                0x0000000008000650                blocking_handler
                0x0000000008000650                tim5_isr
                0x0000000008000650                rtc_wkup_isr
                0x0000000008000650                otg_fs_isr
                0x0000000008000650                spi1_isr
                0x0000000008000650                i2c3_er_isr
                0x0000000008000650                exti2_isr
                0x0000000008000650                spi5_isr
                0x0000000008000650                usb_fs_wkup_isr
                0x0000000008000650                tamp_stamp_isr
                0x0000000008000650                can1_rx1_isr
                0x0000000008000650                dma2_stream0_isr
                0x0000000008000650                usart1_isr
                0x0000000008000650                i2c3_ev_isr
                0x0000000008000650                usage_fault_handler
                0x0000000008000650                can2_rx0_isr
                0x0000000008000650                dma1_stream6_isr
                0x0000000008000650                can2_rx1_isr
                0x0000000008000650                can1_sce_isr
                0x0000000008000650                tim1_cc_isr
                0x0000000008000650                can1_tx_isr
                0x0000000008000650                tim1_up_tim10_isr
                0x0000000008000650                sdio_isr
                0x0000000008000650                eth_isr
                0x0000000008000650                spi6_isr
                0x0000000008000650                dma2_stream5_isr
                0x0000000008000650                pvd_isr
                0x0000000008000650                can1_rx0_isr
                0x0000000008000650                rcc_isr
                0x0000000008000650                dma2_stream3_isr
                0x0000000008000650                flash_isr
                0x0000000008000650                uart4_isr
                0x0000000008000650                lcd_tft_isr
                0x0000000008000650                rtc_alarm_isr
                0x0000000008000650                exti15_10_isr
                0x0000000008000650                hash_rng_isr
                0x0000000008000650                tim1_trg_com_tim11_isr
                0x0000000008000650                hard_fault_handler
                0x0000000008000650                exti1_isr
                0x0000000008000650                i2c1_ev_isr
                0x0000000008000650                usart6_isr
                0x0000000008000650                spi2_isr
                0x0000000008000650                cryp_isr
                0x0000000008000650                nvic_wwdg_isr
                0x0000000008000650                dma1_stream1_isr
                0x0000000008000650                dma2_stream4_isr
                0x0000000008000650                exti3_isr
                0x0000000008000650                tim3_isr
                0x0000000008000650                usart2_isr
                0x0000000008000650                sai1_isr
                0x0000000008000650                fpu_isr
                0x0000000008000650                dma1_stream4_isr
                0x0000000008000650                i2c2_er_isr
                0x0000000008000650                i2c2_ev_isr
                0x0000000008000650                uart5_isr
                0x0000000008000650                dma2_stream6_isr
                0x0000000008000650                spi4_isr
                0x0000000008000650                adc_isr
                0x0000000008000650                dma2_stream7_isr
                0x0000000008000650                tim8_up_tim13_isr
                0x0000000008000650                fsmc_isr
                0x0000000008000650                exti4_isr
                0x0000000008000650                tim6_dac_isr
                0x0000000008000650                dma1_stream3_isr
                0x0000000008000650                tim8_trg_com_tim14_isr
                0x0000000008000650                mem_manage_handler
                0x0000000008000650                lcd_tft_err_isr
                0x0000000008000650                can2_tx_isr
                0x0000000008000650                exti9_5_isr
                0x0000000008000650                tim1_brk_tim9_isr
                0x0000000008000650                uart7_isr
                0x0000000008000650                can2_sce_isr
                0x0000000008000650                tim4_isr
                0x0000000008000650                otg_hs_wkup_isr
                0x0000000008000650                i2c1_er_isr
                0x0000000008000650                dma1_stream0_isr
                0x0000000008000650                tim8_cc_isr
                0x0000000008000650                dcmi_isr
                0x0000000008000650                dma2_stream2_isr
                0x0000000008000650                eth_wkup_isr
                0x0000000008000650                bus_fault_handler
                0x0000000008000650                otg_hs_ep1_out_isr
                0x0000000008000650                spi3_isr
                0x0000000008000650                dma1_stream5_isr
                0x0000000008000650                otg_hs_ep1_in_isr
                0x0000000008000650                tim2_isr
                0x0000000008000650                exti0_isr
 .text.null_handler
                0x0000000008000652        0x2 ../libopencm3/lib/libopencm3_stm32f4.a(vector.o)
                0x0000000008000652                null_handler
                0x0000000008000652                sv_call_handler
                0x0000000008000652                pend_sv_handler
                0x0000000008000652                debug_monitor_handler
                0x0000000008000652                nmi_handler
 .text.reset_handler
                0x0000000008000654       0xa0 ../libopencm3/lib/libopencm3_stm32f4.a(vector.o)
                0x0000000008000654                reset_handler
 .text.systick_set_reload
                0x00000000080006f4        0xc ../libopencm3/lib/libopencm3_stm32f4.a(systick.o)
                0x00000000080006f4                systick_set_reload
 .text.systick_set_clocksource
                0x0000000008000700       0x14 ../libopencm3/lib/libopencm3_stm32f4.a(systick.o)
                0x0000000008000700                systick_set_clocksource
 .text.systick_interrupt_enable
                0x0000000008000714        0xe ../libopencm3/lib/libopencm3_stm32f4.a(systick.o)
                0x0000000008000714                systick_interrupt_enable
 .text.systick_counter_enable
                0x0000000008000722        0xe ../libopencm3/lib/libopencm3_stm32f4.a(systick.o)
                0x0000000008000722                systick_counter_enable
 .text.flash_set_ws
                0x0000000008000730       0x18 ../libopencm3/lib/libopencm3_stm32f4.a(flash_common_all.o)
                0x0000000008000730                flash_set_ws
 .text.flash_dcache_enable
                0x0000000008000748       0x14 ../libopencm3/lib/libopencm3_stm32f4.a(flash_common_idcache.o)
                0x0000000008000748                flash_dcache_enable
 .text.flash_dcache_disable
                0x000000000800075c       0x14 ../libopencm3/lib/libopencm3_stm32f4.a(flash_common_idcache.o)
                0x000000000800075c                flash_dcache_disable
 .text.flash_icache_enable
                0x0000000008000770       0x14 ../libopencm3/lib/libopencm3_stm32f4.a(flash_common_idcache.o)
                0x0000000008000770                flash_icache_enable
 .text.flash_icache_disable
                0x0000000008000784       0x14 ../libopencm3/lib/libopencm3_stm32f4.a(flash_common_idcache.o)
                0x0000000008000784                flash_icache_disable
 .text.pwr_set_vos_scale
                0x0000000008000798       0x18 ../libopencm3/lib/libopencm3_stm32f4.a(pwr.o)
                0x0000000008000798                pwr_set_vos_scale
                0x00000000080007b0                . = ALIGN (0x4)
 *(.rodata*)
 .rodata.rcc_hse_8mhz_3v3
                0x00000000080007b0       0x54 ../libopencm3/lib/libopencm3_stm32f4.a(rcc.o)
                0x00000000080007b0                rcc_hse_8mhz_3v3
                0x0000000008000804                . = ALIGN (0x4)

.glue_7         0x0000000008000804        0x0
 .glue_7        0x0000000008000804        0x0 linker stubs

.glue_7t        0x0000000008000804        0x0
 .glue_7t       0x0000000008000804        0x0 linker stubs

.vfp11_veneer   0x0000000008000804        0x0
 .vfp11_veneer  0x0000000008000804        0x0 linker stubs

.v4_bx          0x0000000008000804        0x0
 .v4_bx         0x0000000008000804        0x0 linker stubs

.iplt           0x0000000008000804        0x0
 .iplt          0x0000000008000804        0x0 bin/main.o

.rel.dyn        0x0000000008000804        0x0
 .rel.iplt      0x0000000008000804        0x0 bin/main.o

.preinit_array  0x0000000008000804        0x0
                0x0000000008000804                . = ALIGN (0x4)
                0x0000000008000804                __preinit_array_start = .
 *(.preinit_array)
                0x0000000008000804                __preinit_array_end = .

.init_array     0x0000000008000804        0x0
                0x0000000008000804                . = ALIGN (0x4)
                0x0000000008000804                __init_array_start = .
 *(SORT_BY_NAME(.init_array.*))
 *(.init_array)
                0x0000000008000804                __init_array_end = .

.fini_array     0x0000000008000804        0x0
                0x0000000008000804                . = ALIGN (0x4)
                0x0000000008000804                __fini_array_start = .
 *(.fini_array)
 *(SORT_BY_NAME(.fini_array.*))
                0x0000000008000804                __fini_array_end = .

.ARM.extab
 *(.ARM.extab*)

.ARM.exidx      0x0000000008000804        0x0
                0x0000000008000804                __exidx_start = .
 *(.ARM.exidx*)
                0x0000000008000804                __exidx_end = .
                0x0000000008000804                . = ALIGN (0x4)
                0x0000000008000804                _etext = .

.data           0x0000000020000000       0x20 load address 0x0000000008000804
                0x0000000020000000                _data = .
 *(.data*)
 .data.gpio_port
                0x0000000020000000        0xc bin/led.o
                0x0000000020000000                gpio_port
 .data.gpios    0x000000002000000c        0x6 bin/led.o
                0x000000002000000c                gpios
 *fill*         0x0000000020000012        0x2 
 .data.rcc_ahb_frequency
                0x0000000020000014        0x4 ../libopencm3/lib/libopencm3_stm32f4.a(rcc.o)
                0x0000000020000014                rcc_ahb_frequency
 .data.rcc_apb1_frequency
                0x0000000020000018        0x4 ../libopencm3/lib/libopencm3_stm32f4.a(rcc.o)
                0x0000000020000018                rcc_apb1_frequency
 .data.rcc_apb2_frequency
                0x000000002000001c        0x4 ../libopencm3/lib/libopencm3_stm32f4.a(rcc.o)
                0x000000002000001c                rcc_apb2_frequency
                0x0000000020000020                . = ALIGN (0x4)
                0x0000000020000020                _edata = .
                0x0000000008000804                _data_loadaddr = LOADADDR (.data)

.igot.plt       0x0000000020000020        0x0 load address 0x0000000008000824
 .igot.plt      0x0000000020000020        0x0 bin/main.o

.bss            0x0000000020000020        0x4 load address 0x0000000008000824
 *(.bss*)
 .bss.system_millis
                0x0000000020000020        0x4 bin/delay.o
                0x0000000020000020                system_millis
 *(COMMON)
                0x0000000020000024                . = ALIGN (0x4)
                0x0000000020000024                _ebss = .

.ccm            0x0000000010000000        0x0
 *(.ccmram*)
                0x0000000010000000                . = ALIGN (0x4)

/DISCARD/
 *(.eh_frame)
                0x0000000010000000                . = ALIGN (0x4)
                0x0000000010000000                end = .
                0x0000000020020000                PROVIDE (_stack = (ORIGIN (ram) + LENGTH (ram)))
OUTPUT(tueSDR-CW-1B.elf elf32-littlearm)
LOAD linker stubs

.debug_info     0x0000000000000000     0x3229
 .debug_info    0x0000000000000000      0x2af bin/main.o
 .debug_info    0x00000000000002af      0x8bc bin/led.o
 .debug_info    0x0000000000000b6b      0x189 bin/delay.o
 .debug_info    0x0000000000000cf4      0x266 ../libopencm3/lib/libopencm3_stm32f4.a(gpio_common_all.o)
 .debug_info    0x0000000000000f5a      0x233 ../libopencm3/lib/libopencm3_stm32f4.a(gpio_common_f0234.o)
 .debug_info    0x000000000000118d      0x90c ../libopencm3/lib/libopencm3_stm32f4.a(rcc_common_all.o)
 .debug_info    0x0000000000001a99      0xf46 ../libopencm3/lib/libopencm3_stm32f4.a(rcc.o)
 .debug_info    0x00000000000029df      0x2f2 ../libopencm3/lib/libopencm3_stm32f4.a(vector.o)
 .debug_info    0x0000000000002cd1      0x280 ../libopencm3/lib/libopencm3_stm32f4.a(systick.o)
 .debug_info    0x0000000000002f51       0xfc ../libopencm3/lib/libopencm3_stm32f4.a(flash_common_all.o)
 .debug_info    0x000000000000304d       0xf4 ../libopencm3/lib/libopencm3_stm32f4.a(flash_common_idcache.o)
 .debug_info    0x0000000000003141       0xe8 ../libopencm3/lib/libopencm3_stm32f4.a(pwr.o)

.debug_abbrev   0x0000000000000000      0xe28
 .debug_abbrev  0x0000000000000000      0x14a bin/main.o
 .debug_abbrev  0x000000000000014a      0x1c9 bin/led.o
 .debug_abbrev  0x0000000000000313      0x115 bin/delay.o
 .debug_abbrev  0x0000000000000428      0x116 ../libopencm3/lib/libopencm3_stm32f4.a(gpio_common_all.o)
 .debug_abbrev  0x000000000000053e       0xbf ../libopencm3/lib/libopencm3_stm32f4.a(gpio_common_f0234.o)
 .debug_abbrev  0x00000000000005fd      0x145 ../libopencm3/lib/libopencm3_stm32f4.a(rcc_common_all.o)
 .debug_abbrev  0x0000000000000742      0x2aa ../libopencm3/lib/libopencm3_stm32f4.a(rcc.o)
 .debug_abbrev  0x00000000000009ec      0x15b ../libopencm3/lib/libopencm3_stm32f4.a(vector.o)
 .debug_abbrev  0x0000000000000b47      0x155 ../libopencm3/lib/libopencm3_stm32f4.a(systick.o)
 .debug_abbrev  0x0000000000000c9c       0x9a ../libopencm3/lib/libopencm3_stm32f4.a(flash_common_all.o)
 .debug_abbrev  0x0000000000000d36       0x56 ../libopencm3/lib/libopencm3_stm32f4.a(flash_common_idcache.o)
 .debug_abbrev  0x0000000000000d8c       0x9c ../libopencm3/lib/libopencm3_stm32f4.a(pwr.o)

.debug_aranges  0x0000000000000000      0x3b0
 .debug_aranges
                0x0000000000000000       0x20 bin/main.o
 .debug_aranges
                0x0000000000000020       0x48 bin/led.o
 .debug_aranges
                0x0000000000000068       0x38 bin/delay.o
 .debug_aranges
                0x00000000000000a0       0x50 ../libopencm3/lib/libopencm3_stm32f4.a(gpio_common_all.o)
 .debug_aranges
                0x00000000000000f0       0x30 ../libopencm3/lib/libopencm3_stm32f4.a(gpio_common_f0234.o)
 .debug_aranges
                0x0000000000000120       0x58 ../libopencm3/lib/libopencm3_stm32f4.a(rcc_common_all.o)
 .debug_aranges
                0x0000000000000178       0xf0 ../libopencm3/lib/libopencm3_stm32f4.a(rcc.o)
 .debug_aranges
                0x0000000000000268       0x30 ../libopencm3/lib/libopencm3_stm32f4.a(vector.o)
 .debug_aranges
                0x0000000000000298       0x78 ../libopencm3/lib/libopencm3_stm32f4.a(systick.o)
 .debug_aranges
                0x0000000000000310       0x38 ../libopencm3/lib/libopencm3_stm32f4.a(flash_common_all.o)
 .debug_aranges
                0x0000000000000348       0x48 ../libopencm3/lib/libopencm3_stm32f4.a(flash_common_idcache.o)
 .debug_aranges
                0x0000000000000390       0x20 ../libopencm3/lib/libopencm3_stm32f4.a(pwr.o)

.debug_ranges   0x0000000000000000      0x3b0
 .debug_ranges  0x0000000000000000       0x28 bin/main.o
 .debug_ranges  0x0000000000000028       0xb0 bin/led.o
 .debug_ranges  0x00000000000000d8       0x28 bin/delay.o
 .debug_ranges  0x0000000000000100       0x40 ../libopencm3/lib/libopencm3_stm32f4.a(gpio_common_all.o)
 .debug_ranges  0x0000000000000140       0x20 ../libopencm3/lib/libopencm3_stm32f4.a(gpio_common_f0234.o)
 .debug_ranges  0x0000000000000160       0x48 ../libopencm3/lib/libopencm3_stm32f4.a(rcc_common_all.o)
 .debug_ranges  0x00000000000001a8       0xf8 ../libopencm3/lib/libopencm3_stm32f4.a(rcc.o)
 .debug_ranges  0x00000000000002a0       0x20 ../libopencm3/lib/libopencm3_stm32f4.a(vector.o)
 .debug_ranges  0x00000000000002c0       0x80 ../libopencm3/lib/libopencm3_stm32f4.a(systick.o)
 .debug_ranges  0x0000000000000340       0x28 ../libopencm3/lib/libopencm3_stm32f4.a(flash_common_all.o)
 .debug_ranges  0x0000000000000368       0x38 ../libopencm3/lib/libopencm3_stm32f4.a(flash_common_idcache.o)
 .debug_ranges  0x00000000000003a0       0x10 ../libopencm3/lib/libopencm3_stm32f4.a(pwr.o)

.debug_macro    0x0000000000000000     0x4231
 .debug_macro   0x0000000000000000       0xe6 bin/main.o
 .debug_macro   0x00000000000000e6      0xa78 bin/main.o
 .debug_macro   0x0000000000000b5e       0x22 bin/main.o
 .debug_macro   0x0000000000000b80       0x56 bin/main.o
 .debug_macro   0x0000000000000bd6       0x51 bin/main.o
 .debug_macro   0x0000000000000c27      0x103 bin/main.o
 .debug_macro   0x0000000000000d2a       0x6a bin/main.o
 .debug_macro   0x0000000000000d94      0x1df bin/main.o
 .debug_macro   0x0000000000000f73       0x1c bin/main.o
 .debug_macro   0x0000000000000f8f       0x22 bin/main.o
 .debug_macro   0x0000000000000fb1       0xe8 bin/main.o
 .debug_macro   0x0000000000001099       0x76 bin/main.o
 .debug_macro   0x000000000000110f      0x273 bin/main.o
 .debug_macro   0x0000000000001382       0x8e bin/main.o
 .debug_macro   0x0000000000001410       0x28 bin/main.o
 .debug_macro   0x0000000000001438      0xc89 bin/main.o
 .debug_macro   0x00000000000020c1      0x10f bin/led.o
 .debug_macro   0x00000000000021d0       0x22 bin/led.o
 .debug_macro   0x00000000000021f2       0x76 bin/led.o
 .debug_macro   0x0000000000002268      0x2e6 bin/led.o
 .debug_macro   0x000000000000254e      0x14e bin/led.o
 .debug_macro   0x000000000000269c       0xb7 bin/delay.o
 .debug_macro   0x0000000000002753       0x68 bin/delay.o
 .debug_macro   0x00000000000027bb      0x22c bin/delay.o
 .debug_macro   0x00000000000029e7       0x6f bin/delay.o
 .debug_macro   0x0000000000002a56       0xd1 ../libopencm3/lib/libopencm3_stm32f4.a(gpio_common_all.o)
 .debug_macro   0x0000000000002b27      0xa6c ../libopencm3/lib/libopencm3_stm32f4.a(gpio_common_all.o)
 .debug_macro   0x0000000000003593       0xd1 ../libopencm3/lib/libopencm3_stm32f4.a(gpio_common_f0234.o)
 .debug_macro   0x0000000000003664       0xf0 ../libopencm3/lib/libopencm3_stm32f4.a(rcc_common_all.o)
 .debug_macro   0x0000000000003754      0x124 ../libopencm3/lib/libopencm3_stm32f4.a(rcc.o)
 .debug_macro   0x0000000000003878       0x16 ../libopencm3/lib/libopencm3_stm32f4.a(rcc.o)
 .debug_macro   0x000000000000388e       0x1c ../libopencm3/lib/libopencm3_stm32f4.a(rcc.o)
 .debug_macro   0x00000000000038aa      0x140 ../libopencm3/lib/libopencm3_stm32f4.a(rcc.o)
 .debug_macro   0x00000000000039ea       0x10 ../libopencm3/lib/libopencm3_stm32f4.a(rcc.o)
 .debug_macro   0x00000000000039fa       0xd3 ../libopencm3/lib/libopencm3_stm32f4.a(vector.o)
 .debug_macro   0x0000000000003acd      0x395 ../libopencm3/lib/libopencm3_stm32f4.a(vector.o)
 .debug_macro   0x0000000000003e62       0x6e ../libopencm3/lib/libopencm3_stm32f4.a(vector.o)
 .debug_macro   0x0000000000003ed0       0x92 ../libopencm3/lib/libopencm3_stm32f4.a(systick.o)
 .debug_macro   0x0000000000003f62       0x69 ../libopencm3/lib/libopencm3_stm32f4.a(systick.o)
 .debug_macro   0x0000000000003fcb       0xd7 ../libopencm3/lib/libopencm3_stm32f4.a(flash_common_all.o)
 .debug_macro   0x00000000000040a2       0xd7 ../libopencm3/lib/libopencm3_stm32f4.a(flash_common_idcache.o)
 .debug_macro   0x0000000000004179       0xb8 ../libopencm3/lib/libopencm3_stm32f4.a(pwr.o)

.debug_line     0x0000000000000000     0x2e6b
 .debug_line    0x0000000000000000      0x2bb bin/main.o
 .debug_line    0x00000000000002bb      0x4f1 bin/led.o
 .debug_line    0x00000000000007ac      0x291 bin/delay.o
 .debug_line    0x0000000000000a3d      0x360 ../libopencm3/lib/libopencm3_stm32f4.a(gpio_common_all.o)
 .debug_line    0x0000000000000d9d      0x448 ../libopencm3/lib/libopencm3_stm32f4.a(gpio_common_f0234.o)
 .debug_line    0x00000000000011e5      0x385 ../libopencm3/lib/libopencm3_stm32f4.a(rcc_common_all.o)
 .debug_line    0x000000000000156a      0x99e ../libopencm3/lib/libopencm3_stm32f4.a(rcc.o)
 .debug_line    0x0000000000001f08      0x3dc ../libopencm3/lib/libopencm3_stm32f4.a(vector.o)
 .debug_line    0x00000000000022e4      0x328 ../libopencm3/lib/libopencm3_stm32f4.a(systick.o)
 .debug_line    0x000000000000260c      0x300 ../libopencm3/lib/libopencm3_stm32f4.a(flash_common_all.o)
 .debug_line    0x000000000000290c      0x319 ../libopencm3/lib/libopencm3_stm32f4.a(flash_common_idcache.o)
 .debug_line    0x0000000000002c25      0x246 ../libopencm3/lib/libopencm3_stm32f4.a(pwr.o)

.debug_str      0x0000000000000000     0xe615
 .debug_str     0x0000000000000000     0x8c1e bin/main.o
                                       0x8de0 (size before relaxing)
 .debug_str     0x0000000000008c1e     0x1b68 bin/led.o
                                       0xa716 (size before relaxing)
 .debug_str     0x000000000000a786      0xcb5 bin/delay.o
                                       0x4de0 (size before relaxing)
 .debug_str     0x000000000000b43b       0xa8 ../libopencm3/lib/libopencm3_stm32f4.a(gpio_common_all.o)
                                       0x651b (size before relaxing)
 .debug_str     0x000000000000b4e3       0x8a ../libopencm3/lib/libopencm3_stm32f4.a(gpio_common_f0234.o)
                                       0x653d (size before relaxing)
 .debug_str     0x000000000000b56d      0x44e ../libopencm3/lib/libopencm3_stm32f4.a(rcc_common_all.o)
                                       0x9692 (size before relaxing)
 .debug_str     0x000000000000b9bb      0xaed ../libopencm3/lib/libopencm3_stm32f4.a(rcc.o)
                                       0x9edc (size before relaxing)
 .debug_str     0x000000000000c4a8     0x1ffa ../libopencm3/lib/libopencm3_stm32f4.a(vector.o)
                                       0x6aee (size before relaxing)
 .debug_str     0x000000000000e4a2       0xc2 ../libopencm3/lib/libopencm3_stm32f4.a(systick.o)
                                       0x4475 (size before relaxing)
 .debug_str     0x000000000000e564       0x64 ../libopencm3/lib/libopencm3_stm32f4.a(flash_common_all.o)
                                       0x5872 (size before relaxing)
 .debug_str     0x000000000000e5c8       0x47 ../libopencm3/lib/libopencm3_stm32f4.a(flash_common_idcache.o)
                                       0x5894 (size before relaxing)
 .debug_str     0x000000000000e60f        0x6 ../libopencm3/lib/libopencm3_stm32f4.a(pwr.o)
                                       0x5470 (size before relaxing)

.comment        0x0000000000000000       0x6b
 .comment       0x0000000000000000       0x1e bin/main.o
                                         0x1f (size before relaxing)
 .comment       0x000000000000001e       0x4d bin/led.o
                                         0x4e (size before relaxing)
 .comment       0x000000000000006b       0x1f bin/delay.o
 .comment       0x000000000000006b       0x1f ../libopencm3/lib/libopencm3_stm32f4.a(gpio_common_all.o)
 .comment       0x000000000000006b       0x1f ../libopencm3/lib/libopencm3_stm32f4.a(gpio_common_f0234.o)
 .comment       0x000000000000006b       0x1f ../libopencm3/lib/libopencm3_stm32f4.a(rcc_common_all.o)
 .comment       0x000000000000006b       0x1f ../libopencm3/lib/libopencm3_stm32f4.a(rcc.o)
 .comment       0x000000000000006b       0x1f ../libopencm3/lib/libopencm3_stm32f4.a(vector.o)
 .comment       0x000000000000006b       0x1f ../libopencm3/lib/libopencm3_stm32f4.a(systick.o)
 .comment       0x000000000000006b       0x1f ../libopencm3/lib/libopencm3_stm32f4.a(flash_common_all.o)
 .comment       0x000000000000006b       0x1f ../libopencm3/lib/libopencm3_stm32f4.a(flash_common_idcache.o)
 .comment       0x000000000000006b       0x1f ../libopencm3/lib/libopencm3_stm32f4.a(pwr.o)

.ARM.attributes
                0x0000000000000000       0x32
 .ARM.attributes
                0x0000000000000000       0x34 bin/main.o
 .ARM.attributes
                0x0000000000000034       0x34 bin/led.o
 .ARM.attributes
                0x0000000000000068       0x34 bin/delay.o
 .ARM.attributes
                0x000000000000009c       0x34 ../libopencm3/lib/libopencm3_stm32f4.a(gpio_common_all.o)
 .ARM.attributes
                0x00000000000000d0       0x34 ../libopencm3/lib/libopencm3_stm32f4.a(gpio_common_f0234.o)
 .ARM.attributes
                0x0000000000000104       0x34 ../libopencm3/lib/libopencm3_stm32f4.a(rcc_common_all.o)
 .ARM.attributes
                0x0000000000000138       0x34 ../libopencm3/lib/libopencm3_stm32f4.a(rcc.o)
 .ARM.attributes
                0x000000000000016c       0x34 ../libopencm3/lib/libopencm3_stm32f4.a(vector.o)
 .ARM.attributes
                0x00000000000001a0       0x34 ../libopencm3/lib/libopencm3_stm32f4.a(systick.o)
 .ARM.attributes
                0x00000000000001d4       0x34 ../libopencm3/lib/libopencm3_stm32f4.a(flash_common_all.o)
 .ARM.attributes
                0x0000000000000208       0x34 ../libopencm3/lib/libopencm3_stm32f4.a(flash_common_idcache.o)
 .ARM.attributes
                0x000000000000023c       0x34 ../libopencm3/lib/libopencm3_stm32f4.a(pwr.o)

.debug_frame    0x0000000000000000      0x6cc
 .debug_frame   0x0000000000000000       0x28 bin/main.o
 .debug_frame   0x0000000000000028       0x90 bin/led.o
 .debug_frame   0x00000000000000b8       0x5c bin/delay.o
 .debug_frame   0x0000000000000114       0x80 ../libopencm3/lib/libopencm3_stm32f4.a(gpio_common_all.o)
 .debug_frame   0x0000000000000194       0x70 ../libopencm3/lib/libopencm3_stm32f4.a(gpio_common_f0234.o)
 .debug_frame   0x0000000000000204       0xd0 ../libopencm3/lib/libopencm3_stm32f4.a(rcc_common_all.o)
 .debug_frame   0x00000000000002d4      0x1f4 ../libopencm3/lib/libopencm3_stm32f4.a(rcc.o)
 .debug_frame   0x00000000000004c8       0x4c ../libopencm3/lib/libopencm3_stm32f4.a(vector.o)
 .debug_frame   0x0000000000000514       0xd8 ../libopencm3/lib/libopencm3_stm32f4.a(systick.o)
 .debug_frame   0x00000000000005ec       0x50 ../libopencm3/lib/libopencm3_stm32f4.a(flash_common_all.o)
 .debug_frame   0x000000000000063c       0x70 ../libopencm3/lib/libopencm3_stm32f4.a(flash_common_idcache.o)
 .debug_frame   0x00000000000006ac       0x20 ../libopencm3/lib/libopencm3_stm32f4.a(pwr.o)

.debug_loc      0x0000000000000000     0x1043
 .debug_loc     0x0000000000000000      0x24c bin/led.o
 .debug_loc     0x000000000000024c       0x3a bin/delay.o
 .debug_loc     0x0000000000000286       0xbe ../libopencm3/lib/libopencm3_stm32f4.a(gpio_common_all.o)
 .debug_loc     0x0000000000000344      0x14f ../libopencm3/lib/libopencm3_stm32f4.a(gpio_common_f0234.o)
 .debug_loc     0x0000000000000493       0xde ../libopencm3/lib/libopencm3_stm32f4.a(rcc_common_all.o)
 .debug_loc     0x0000000000000571      0x78a ../libopencm3/lib/libopencm3_stm32f4.a(rcc.o)
 .debug_loc     0x0000000000000cfb      0x128 ../libopencm3/lib/libopencm3_stm32f4.a(vector.o)
 .debug_loc     0x0000000000000e23      0x192 ../libopencm3/lib/libopencm3_stm32f4.a(systick.o)
 .debug_loc     0x0000000000000fb5       0x47 ../libopencm3/lib/libopencm3_stm32f4.a(flash_common_all.o)
 .debug_loc     0x0000000000000ffc       0x47 ../libopencm3/lib/libopencm3_stm32f4.a(pwr.o)
